// Jest Snapshot v1, https://goo.gl/fbAQLP

exports[`Should render correctly "Technologies" to Match Snapshot 1`] = `
<RenderItem
  data=""
  unique="true"
/>
`;
