// Jest Snapshot v1, https://goo.gl/fbAQLP

exports[`Should render correctly "MainNavigation" to Match Snapshot 1`] = `
<div
  className="menu_link"
>
  <NavLink
    activeClassName="nav_active"
    exact={true}
    onClick={[Function]}
    to="test path"
  >
    test title
  </NavLink>
</div>
`;
