// Jest Snapshot v1, https://goo.gl/fbAQLP

exports[`PAGES  HOME to Match Snapshot 1`] = `
<h1>
  Home
</h1>
`;
