// Jest Snapshot v1, https://goo.gl/fbAQLP

exports[`Should render correctly "UniqueUnit" to Match Snapshot 1`] = `
<div>
  <RenderItem
    data="test data"
    unique="true"
  />
</div>
`;
