// Jest Snapshot v1, https://goo.gl/fbAQLP

exports[`PAGES CREATED IN to Match Snapshot 1`] = `
<Detail
  data="text..."
/>
`;
