// Jest Snapshot v1, https://goo.gl/fbAQLP

exports[`Should render correctly to Match Snapshot 1`] = `
<Fragment>
  <SmallLoader />
</Fragment>
`;
