// Jest Snapshot v1, https://goo.gl/fbAQLP

exports[`PAGES UNITS to Match Snapshot 1`] = `
<Fragment>
  <List
    data={
      Array [
        Object {
          "name": "text...",
        },
      ]
    }
    path="/path"
    title="units"
  />
</Fragment>
`;
