// Jest Snapshot v1, https://goo.gl/fbAQLP

exports[`Should render correctly "Home" to Match Snapshot 1`] = `
<div>
  <h1>
    home page
  </h1>
</div>
`;
