// Jest Snapshot v1, https://goo.gl/fbAQLP

exports[`Should render correctly "ResultNavigation" to Match Snapshot 1`] = `
<div
  className="loading"
>
  <div>
    <span>
      Loading...
    </span>
  </div>
  <img
    alt="loading..."
    src="loading.gif"
  />
</div>
`;
