// Jest Snapshot v1, https://goo.gl/fbAQLP

exports[`MAIN LOADING to Match Snapshot 1`] = `""`;
