// Jest Snapshot v1, https://goo.gl/fbAQLP

exports[`PAGES  UNIQUE TECH to Match Snapshot 1`] = `
<Detail
  data="text..."
/>
`;
