// Jest Snapshot v1, https://goo.gl/fbAQLP

exports[`HOTELS_COMPONENTS <HotelCard /> component should match snapshot 1`] = `ShallowWrapper {}`;
